

================================================================
== Vivado HLS Report for 'sha256_update'
================================================================
* Date:           Mon Mar 11 22:05:33 2013

* Version:        2013.1 (build date: Fri Mar 08 17:28:03 PM 2013)
* Project:        zynqBTC
* Solution:       solution2
* Product family: zynq zynq_fpv6 
* Target device:  xc7z020clg484-1


================================================================
== Performance Estimates
================================================================
+ Timing (ns): 
    * Summary: 
    +---------+-------+----------+------------+
    |  Clock  | Target| Estimated| Uncertainty|
    +---------+-------+----------+------------+
    |default  |   5.00|      4.16|        0.62|
    +---------+-------+----------+------------+

+ Latency (clock cycles): 
    * Summary: 
    +-----+-------+-----+-------+---------+
    |   Latency   |   Interval  | Pipeline|
    | min |  max  | min |  max  |   Type  |
    +-----+-------+-----+-------+---------+
    |   65|  52353|   65|  52353|   none  |
    +-----+-------+-----+-------+---------+

    + Detail: 
        * Instance: 
        +----------------------------+------------------+-----+-----+-----+-----+---------+
        |                            |                  |  Latency  |  Interval | Pipeline|
        |          Instance          |      Module      | min | max | min | max |   Type  |
        +----------------------------+------------------+-----+-----+-----+-----+---------+
        |grp_sha256_transform_fu_99  |sha256_transform  |  811|  811|  811|  811|   none  |
        +----------------------------+------------------+-----+-----+-----+-----+---------+

        * Loop: 
        +----------+-----+-------+----------+-----------+-----------+------+----------+
        |          |   Latency   | Iteration|  Initiation Interval  | Trip |          |
        | Loop Name| min |  max  |  Latency |  achieved |   target  | Count| Pipelined|
        +----------+-----+-------+----------+-----------+-----------+------+----------+
        |- Loop 1  |   64|  52352|  1 ~ 818 |          -|          -|    64|    no    |
        +----------+-----+-------+----------+-----------+-----------+------+----------+



================================================================
== Utilization Estimates
================================================================
* Summary: 
+-----------------+---------+-------+--------+-------+
|       Name      | BRAM_18K| DSP48E|   FF   |  LUT  |
+-----------------+---------+-------+--------+-------+
|Expression       |        -|      -|       0|    136|
|FIFO             |        -|      -|       -|      -|
|Instance         |        2|      -|    1481|   1769|
|Memory           |        -|      -|       -|      -|
|Multiplexer      |        -|      -|       -|     52|
|Register         |        -|      -|     154|      -|
|ShiftMemory      |        -|      -|       -|      -|
+-----------------+---------+-------+--------+-------+
|Total            |        2|      0|    1635|   1957|
+-----------------+---------+-------+--------+-------+
|Available        |      280|    220|  106400|  53200|
+-----------------+---------+-------+--------+-------+
|Utilization (%)  |    ~0   |      0|       1|      3|
+-----------------+---------+-------+--------+-------+

+ Detail: 
    * Instance: 
    +----------------------------+------------------+---------+-------+------+------+
    |          Instance          |      Module      | BRAM_18K| DSP48E|  FF  |  LUT |
    +----------------------------+------------------+---------+-------+------+------+
    |grp_sha256_transform_fu_99  |sha256_transform  |        2|      0|  1481|  1769|
    +----------------------------+------------------+---------+-------+------+------+
    |Total                       |                  |        2|      0|  1481|  1769|
    +----------------------------+------------------+---------+-------+------+------+

    * Memory: 
    N/A

    * FIFO: 
    N/A

    * Shift register: 
    N/A

    * Expression: 
    +------------------------------+----------+-------+---+----+------------+------------+
    |         Variable Name        | Operation| DSP48E| FF| LUT| Bitwidth P0| Bitwidth P1|
    +------------------------------+----------+-------+---+----+------------+------------+
    |ctx_datalen_assign_fu_134_p2  |     +    |      0|  0|   7|           7|           1|
    |i_4_fu_123_p2                 |     +    |      0|  0|   7|           7|           1|
    |tmp_58_fu_156_p2              |     +    |      0|  0|  32|          32|           1|
    |tmp_59_fu_161_p2              |     +    |      0|  0|  32|          32|          10|
    |ap_sig_bdd_76                 |    and   |      0|  0|   2|           1|           1|
    |exitcond1_fu_117_p2           |   icmp   |      0|  0|   8|           7|           8|
    |tmp_57_fu_151_p2              |   icmp   |      0|  0|  40|          32|          11|
    |tmp_s_fu_140_p2               |   icmp   |      0|  0|   8|           7|           8|
    +------------------------------+----------+-------+---+----+------------+------------+
    |Total                         |          |      0|  0| 136|         125|          41|
    +------------------------------+----------+-------+---+----+------------+------------+

    * Multiplexer: 
    +----------------------+----+-----------+-----+-----------+
    |         Name         | LUT| Input Size| Bits| Total Bits|
    +----------------------+----+-----------+-----+-----------+
    |ctx_bitlen_d0         |  32|          2|   32|         64|
    |ctx_datalen_1_fu_42   |   7|          2|    7|         14|
    |ctx_in_data_address0  |   6|          2|    6|         12|
    |i_reg_85              |   7|          3|    7|         21|
    +----------------------+----+-----------+-----+-----------+
    |Total                 |  52|          9|   52|        111|
    +----------------------+----+-----------+-----+-----------+

    * Register: 
    +--------------------------------------------------+----+-----+-----------+
    |                       Name                       | FF | Bits| Const Bits|
    +--------------------------------------------------+----+-----+-----------+
    |ap_CS_fsm                                         |   3|    3|          0|
    |ctx_bitlen_addr_2_reg_178                         |   0|    1|          1|
    |ctx_bitlen_addr_reg_173                           |   0|    1|          1|
    |ctx_bitlen_load_1_reg_205                         |  32|   32|          0|
    |ctx_bitlen_load_reg_195                           |  32|   32|          0|
    |ctx_datalen_1_fu_42                               |   7|    7|          0|
    |grp_sha256_transform_fu_99_ap_start_ap_start_reg  |   1|    1|          0|
    |i_4_reg_186                                       |   7|    7|          0|
    |i_reg_85                                          |   7|    7|          0|
    |tmp_57_reg_201                                    |   1|    1|          0|
    |tmp_58_reg_210                                    |  32|   32|          0|
    |tmp_59_reg_215                                    |  32|   32|          0|
    +--------------------------------------------------+----+-----+-----------+
    |Total                                             | 154|  156|          2|
    +--------------------------------------------------+----+-----+-----------+



================================================================
== Interface
================================================================
* Summary: 
+----------------------+-----+-----+-----------+---------------+--------------+
|       RTL Ports      | Dir | Bits|  Protocol | Source Object |    C Type    |
+----------------------+-----+-----+-----------+---------------+--------------+
|ap_clk                |  in |    1|          -| sha256_update | return value |
|ap_rst                |  in |    1|          -| sha256_update | return value |
|ap_start              |  in |    1|          -| sha256_update | return value |
|ap_done               | out |    1|          -| sha256_update | return value |
|ap_idle               | out |    1|          -| sha256_update | return value |
|ap_ready              | out |    1|          -| sha256_update | return value |
|ap_return             | out |    7|          -| sha256_update | return value |
|ctx_in_data_address0  | out |    6| ap_memory |  ctx_in_data  |     array    |
|ctx_in_data_ce0       | out |    1| ap_memory |  ctx_in_data  |     array    |
|ctx_in_data_we0       | out |    1| ap_memory |  ctx_in_data  |     array    |
|ctx_in_data_d0        | out |    8| ap_memory |  ctx_in_data  |     array    |
|ctx_in_data_q0        |  in |    8| ap_memory |  ctx_in_data  |     array    |
|ctx_in_data_address1  | out |    6| ap_memory |  ctx_in_data  |     array    |
|ctx_in_data_ce1       | out |    1| ap_memory |  ctx_in_data  |     array    |
|ctx_in_data_q1        |  in |    8| ap_memory |  ctx_in_data  |     array    |
|ctx_bitlen_address0   | out |    1| ap_memory |   ctx_bitlen  |     array    |
|ctx_bitlen_ce0        | out |    1| ap_memory |   ctx_bitlen  |     array    |
|ctx_bitlen_we0        | out |    1| ap_memory |   ctx_bitlen  |     array    |
|ctx_bitlen_d0         | out |   32| ap_memory |   ctx_bitlen  |     array    |
|ctx_bitlen_q0         |  in |   32| ap_memory |   ctx_bitlen  |     array    |
|ctx_state_address0    | out |    3| ap_memory |   ctx_state   |     array    |
|ctx_state_ce0         | out |    1| ap_memory |   ctx_state   |     array    |
|ctx_state_we0         | out |    1| ap_memory |   ctx_state   |     array    |
|ctx_state_d0          | out |   32| ap_memory |   ctx_state   |     array    |
|ctx_state_q0          |  in |   32| ap_memory |   ctx_state   |     array    |
|ctx_state_address1    | out |    3| ap_memory |   ctx_state   |     array    |
|ctx_state_ce1         | out |    1| ap_memory |   ctx_state   |     array    |
|ctx_state_we1         | out |    1| ap_memory |   ctx_state   |     array    |
|ctx_state_d1          | out |   32| ap_memory |   ctx_state   |     array    |
|ctx_state_q1          |  in |   32| ap_memory |   ctx_state   |     array    |
|data_dout             |  in |    8|  ap_fifo  |      data     |    pointer   |
|data_empty_n          |  in |    1|  ap_fifo  |      data     |    pointer   |
|data_read             | out |    1|  ap_fifo  |      data     |    pointer   |
+----------------------+-----+-----+-----------+---------------+--------------+

