

================================================================
== Vivado HLS Report for 'sha256_final'
================================================================
* Date:           Mon Mar 11 22:05:34 2013

* Version:        2013.1 (build date: Fri Mar 08 17:28:03 PM 2013)
* Project:        zynqBTC
* Solution:       solution2
* Product family: zynq zynq_fpv6 
* Target device:  xc7z020clg484-1


================================================================
== Performance Estimates
================================================================
+ Timing (ns): 
    * Summary: 
    +---------+-------+----------+------------+
    |  Clock  | Target| Estimated| Uncertainty|
    +---------+-------+----------+------------+
    |default  |   5.00|      4.17|        0.62|
    +---------+-------+----------+------------+

+ Latency (clock cycles): 
    * Summary: 
    +-----+------+-----+------+---------+
    |   Latency  |  Interval  | Pipeline|
    | min |  max | min |  max |   Type  |
    +-----+------+-----+------+---------+
    |  868|  1800|  868|  1800|   none  |
    +-----+------+-----+------+---------+

    + Detail: 
        * Instance: 
        +-----------------------------+------------------+-----+-----+-----+-----+---------+
        |                             |                  |  Latency  |  Interval | Pipeline|
        |           Instance          |      Module      | min | max | min | max |   Type  |
        +-----------------------------+------------------+-----+-----+-----+-----+---------+
        |grp_sha256_transform_fu_463  |sha256_transform  |  811|  811|  811|  811|   none  |
        +-----------------------------+------------------+-----+-----+-----+-----+---------+

        * Loop: 
        +----------+-----+-----+----------+-----------+-----------+--------+----------+
        |          |  Latency  | Iteration|  Initiation Interval  |  Trip  |          |
        | Loop Name| min | max |  Latency |  achieved |   target  |  Count | Pipelined|
        +----------+-----+-----+----------+-----------+-----------+--------+----------+
        |- Loop 1  |    0|   55|         1|          -|          -| 0 ~ 55 |    no    |
        |- Loop 2  |    0|   63|         1|          -|          -| 0 ~ 63 |    no    |
        |- Loop 3  |   56|   56|         1|          -|          -|      56|    no    |
        |- Loop 4  |   44|   44|        11|          -|          -|       4|    no    |
        +----------+-----+-----+----------+-----------+-----------+--------+----------+



================================================================
== Utilization Estimates
================================================================
* Summary: 
+-----------------+---------+-------+--------+-------+
|       Name      | BRAM_18K| DSP48E|   FF   |  LUT  |
+-----------------+---------+-------+--------+-------+
|Expression       |        -|      -|       0|    444|
|FIFO             |        -|      -|       -|      -|
|Instance         |        2|      -|    1481|   1769|
|Memory           |        -|      -|       -|      -|
|Multiplexer      |        -|      -|       -|    121|
|Register         |        -|      -|     417|      -|
|ShiftMemory      |        -|      -|       -|      -|
+-----------------+---------+-------+--------+-------+
|Total            |        2|      0|    1898|   2334|
+-----------------+---------+-------+--------+-------+
|Available        |      280|    220|  106400|  53200|
+-----------------+---------+-------+--------+-------+
|Utilization (%)  |    ~0   |      0|       1|      4|
+-----------------+---------+-------+--------+-------+

+ Detail: 
    * Instance: 
    +-----------------------------+------------------+---------+-------+------+------+
    |           Instance          |      Module      | BRAM_18K| DSP48E|  FF  |  LUT |
    +-----------------------------+------------------+---------+-------+------+------+
    |grp_sha256_transform_fu_463  |sha256_transform  |        2|      0|  1481|  1769|
    +-----------------------------+------------------+---------+-------+------+------+
    |Total                        |                  |        2|      0|  1481|  1769|
    +-----------------------------+------------------+---------+-------+------+------+

    * Memory: 
    N/A

    * FIFO: 
    N/A

    * Shift register: 
    N/A

    * Expression: 
    +------------------------+----------+-------+---+----+------------+------------+
    |      Variable Name     | Operation| DSP48E| FF| LUT| Bitwidth P0| Bitwidth P1|
    +------------------------+----------+-------+---+----+------------+------------+
    |i_1_fu_544_p2           |     +    |      0|  0|   7|           7|           7|
    |i_3_fu_741_p2           |     +    |      0|  0|   3|           3|           1|
    |i_fu_603_p2             |     +    |      0|  0|   7|           7|           7|
    |indvar_next1_fu_618_p2  |     +    |      0|  0|   6|           6|           1|
    |indvar_next_fu_559_p2   |     +    |      0|  0|   6|           6|           1|
    |j_1_fu_576_p2           |     +    |      0|  0|   6|           6|           1|
    |sum_fu_841_p2           |     +    |      0|  0|   5|           5|           5|
    |tmp1_fu_528_p2          |     +    |      0|  0|   6|           6|           1|
    |tmp_3_fu_646_p2         |     +    |      0|  0|  32|          32|           1|
    |tmp_4_fu_651_p2         |     +    |      0|  0|  32|          32|          32|
    |tmp_fu_508_p2           |     +    |      0|  0|   7|           7|           1|
    |tmp4_fu_594_p2          |     -    |      0|  0|   6|           6|           6|
    |tmp_16_fu_759_p2        |     -    |      0|  0|   5|           5|           5|
    |tmp3_fu_588_p3          |  Select  |      0|  0|   6|           1|           6|
    |exitcond1_fu_613_p2     |   icmp   |      0|  0|   6|           6|           6|
    |exitcond2_fu_554_p2     |   icmp   |      0|  0|   6|           6|           6|
    |exitcond3_fu_735_p2     |   icmp   |      0|  0|   4|           3|           4|
    |exitcond_fu_570_p2      |   icmp   |      0|  0|   6|           6|           5|
    |tmp2_fu_534_p2          |   icmp   |      0|  0|   6|           6|           5|
    |tmp_2_fu_641_p2         |   icmp   |      0|  0|  40|          32|          32|
    |tmp_s_fu_502_p2         |   icmp   |      0|  0|   7|           7|           6|
    |grp_fu_487_p2           |   lshr   |      0|  0|  88|          32|          32|
    |grp_fu_492_p2           |   lshr   |      0|  0|  88|          32|          32|
    |grp_fu_473_p2           |    xor   |      0|  0|   7|           3|           4|
    |not_fu_635_p2           |    xor   |      0|  0|  44|          32|           2|
    |tmp17_fu_518_p2         |    xor   |      0|  0|   8|           6|           2|
    +------------------------+----------+-------+---+----+------------+------------+
    |Total                   |          |      0|  0| 444|         300|         211|
    +------------------------+----------+-------+---+----+------------+------------+

    * Multiplexer: 
    +----------------------------+----+-----------+-----+-----------+
    |            Name            | LUT| Input Size| Bits| Total Bits|
    +----------------------------+----+-----------+-----+-----------+
    |ctx_final_bitlen_d0         |  32|          2|   32|         64|
    |ctx_final_in_data_address0  |  12|          9|    6|         54|
    |ctx_final_in_data_address1  |   6|          5|    6|         30|
    |ctx_final_in_data_d0        |   8|          6|    8|         48|
    |ctx_final_in_data_d1        |   8|          4|    8|         32|
    |ctx_final_state_address0    |   3|          6|    3|         18|
    |ctx_final_state_address1    |   3|          4|    3|         12|
    |final_hash_address1         |  10|          8|    5|         40|
    |final_hash_d1               |  16|          8|    8|         64|
    |grp_fu_487_p1               |   2|          2|    2|          4|
    |i_2_reg_450                 |   3|          2|    3|          6|
    |indvar9_reg_439             |   6|          2|    6|         12|
    |indvar_reg_417              |   6|          2|    6|         12|
    |j_reg_428                   |   6|          2|    6|         12|
    +----------------------------+----+-----------+-----+-----------+
    |Total                       | 121|         62|  102|        408|
    +----------------------------+----+-----------+-----+-----------+

    * Register: 
    +---------------------------------------------------+----+-----+-----------+
    |                        Name                       | FF | Bits| Const Bits|
    +---------------------------------------------------+----+-----+-----------+
    |ap_CS_fsm                                          |   5|    5|          0|
    |ctx_final_bitlen_addr_1_reg_967                    |   0|    1|          1|
    |ctx_final_bitlen_addr_reg_923                      |   0|    1|          1|
    |ctx_final_bitlen_load_1_reg_972                    |  32|   32|          0|
    |ctx_final_bitlen_load_reg_952                      |  32|   32|          0|
    |ctx_final_state_addr_1_reg_1037                    |   0|    3|          3|
    |ctx_final_state_addr_2_reg_1042                    |   0|    3|          3|
    |ctx_final_state_addr_3_reg_1047                    |   0|    3|          3|
    |ctx_final_state_addr_4_reg_1052                    |   0|    3|          3|
    |ctx_final_state_addr_5_reg_1057                    |   0|    3|          3|
    |ctx_final_state_addr_6_reg_1062                    |   0|    3|          3|
    |ctx_final_state_addr_7_reg_1067                    |   0|    3|          3|
    |ctx_final_state_addr_reg_1032                      |   0|    3|          3|
    |exitcond1_reg_943                                  |   1|    1|          0|
    |grp_sha256_transform_fu_463_ap_start_ap_start_reg  |   1|    1|          0|
    |i_2_cast8_reg_1077                                 |   3|    5|          2|
    |i_2_cast9_reg_1072                                 |   3|    4|          1|
    |i_2_cast_reg_1082                                  |   3|   32|         29|
    |i_2_reg_450                                        |   3|    3|          0|
    |i_3_reg_1090                                       |   3|    3|          0|
    |indvar9_reg_439                                    |   6|    6|          0|
    |indvar_reg_417                                     |   6|    6|          0|
    |j_reg_428                                          |   6|    6|          0|
    |reg_479                                            |  32|   32|          0|
    |reg_483                                            |  32|   32|          0|
    |sum6_reg_1131                                      |   3|    3|          0|
    |tmp17_reg_886                                      |   6|    6|          0|
    |tmp1_cast_reg_933                                  |   6|    7|          1|
    |tmp1_reg_897                                       |   6|    6|          0|
    |tmp2_reg_902                                       |   1|    1|          0|
    |tmp4_reg_938                                       |   6|    6|          0|
    |tmp_11_reg_1017                                    |   8|    8|          0|
    |tmp_12_reg_1022                                    |   8|    8|          0|
    |tmp_13_reg_1027                                    |   8|    8|          0|
    |tmp_1_cast_reg_958                                 |   6|   32|         26|
    |tmp_20_cast_reg_1095                               |   2|   32|         30|
    |tmp_2_reg_963                                      |   1|    1|          0|
    |tmp_3_reg_977                                      |  32|   32|          0|
    |tmp_4_reg_982                                      |  32|   32|          0|
    |tmp_51_reg_891                                     |   6|    6|          0|
    |tmp_53_reg_928                                     |   6|    6|          0|
    |tmp_54_reg_987                                     |   8|    8|          0|
    |tmp_55_reg_1012                                    |   8|    8|          0|
    |tmp_57_reg_1101                                    |   8|    8|          0|
    |tmp_58_reg_1106                                    |   8|    8|          0|
    |tmp_59_reg_1111                                    |   8|    8|          0|
    |tmp_60_reg_1116                                    |   8|    8|          0|
    |tmp_61_reg_1121                                    |   8|    8|          0|
    |tmp_62_reg_1126                                    |   8|    8|          0|
    |tmp_63_reg_1136                                    |   8|    8|          0|
    |tmp_64_reg_1141                                    |   8|    8|          0|
    |tmp_7_reg_992                                      |   8|    8|          0|
    |tmp_8_reg_1002                                     |   8|    8|          0|
    |tmp_9_reg_997                                      |   8|    8|          0|
    |tmp_reg_881                                        |   7|    7|          0|
    |tmp_s_reg_877                                      |   1|    1|          0|
    +---------------------------------------------------+----+-----+-----------+
    |Total                                              | 417|  532|        115|
    +---------------------------------------------------+----+-----+-----------+



================================================================
== Interface
================================================================
* Summary: 
+----------------------------+-----+-----+-----------+------------------------+--------------+
|          RTL Ports         | Dir | Bits|  Protocol |      Source Object     |    C Type    |
+----------------------------+-----+-----+-----------+------------------------+--------------+
|ap_clk                      |  in |    1|          -|      sha256_final      | return value |
|ap_rst                      |  in |    1|          -|      sha256_final      | return value |
|ap_start                    |  in |    1|          -|      sha256_final      | return value |
|ap_done                     | out |    1|          -|      sha256_final      | return value |
|ap_idle                     | out |    1|          -|      sha256_final      | return value |
|ap_ready                    | out |    1|          -|      sha256_final      | return value |
|ctx_final_in_data_address0  | out |    6| ap_memory |    ctx_final_in_data   |     array    |
|ctx_final_in_data_ce0       | out |    1| ap_memory |    ctx_final_in_data   |     array    |
|ctx_final_in_data_we0       | out |    1| ap_memory |    ctx_final_in_data   |     array    |
|ctx_final_in_data_d0        | out |    8| ap_memory |    ctx_final_in_data   |     array    |
|ctx_final_in_data_q0        |  in |    8| ap_memory |    ctx_final_in_data   |     array    |
|ctx_final_in_data_address1  | out |    6| ap_memory |    ctx_final_in_data   |     array    |
|ctx_final_in_data_ce1       | out |    1| ap_memory |    ctx_final_in_data   |     array    |
|ctx_final_in_data_we1       | out |    1| ap_memory |    ctx_final_in_data   |     array    |
|ctx_final_in_data_d1        | out |    8| ap_memory |    ctx_final_in_data   |     array    |
|ctx_final_in_data_q1        |  in |    8| ap_memory |    ctx_final_in_data   |     array    |
|ctx_final_datalen_read      |  in |    7|  ap_none  | ctx_final_datalen_read |    scalar    |
|ctx_final_bitlen_address0   | out |    1| ap_memory |    ctx_final_bitlen    |     array    |
|ctx_final_bitlen_ce0        | out |    1| ap_memory |    ctx_final_bitlen    |     array    |
|ctx_final_bitlen_we0        | out |    1| ap_memory |    ctx_final_bitlen    |     array    |
|ctx_final_bitlen_d0         | out |   32| ap_memory |    ctx_final_bitlen    |     array    |
|ctx_final_bitlen_q0         |  in |   32| ap_memory |    ctx_final_bitlen    |     array    |
|ctx_final_bitlen_address1   | out |    1| ap_memory |    ctx_final_bitlen    |     array    |
|ctx_final_bitlen_ce1        | out |    1| ap_memory |    ctx_final_bitlen    |     array    |
|ctx_final_bitlen_q1         |  in |   32| ap_memory |    ctx_final_bitlen    |     array    |
|ctx_final_state_address0    | out |    3| ap_memory |     ctx_final_state    |     array    |
|ctx_final_state_ce0         | out |    1| ap_memory |     ctx_final_state    |     array    |
|ctx_final_state_we0         | out |    1| ap_memory |     ctx_final_state    |     array    |
|ctx_final_state_d0          | out |   32| ap_memory |     ctx_final_state    |     array    |
|ctx_final_state_q0          |  in |   32| ap_memory |     ctx_final_state    |     array    |
|ctx_final_state_address1    | out |    3| ap_memory |     ctx_final_state    |     array    |
|ctx_final_state_ce1         | out |    1| ap_memory |     ctx_final_state    |     array    |
|ctx_final_state_we1         | out |    1| ap_memory |     ctx_final_state    |     array    |
|ctx_final_state_d1          | out |   32| ap_memory |     ctx_final_state    |     array    |
|ctx_final_state_q1          |  in |   32| ap_memory |     ctx_final_state    |     array    |
|final_hash_address1         | out |    6| ap_memory |       final_hash       |     array    |
|final_hash_ce1              | out |    1| ap_memory |       final_hash       |     array    |
|final_hash_we1              | out |    1| ap_memory |       final_hash       |     array    |
|final_hash_d1               | out |    8| ap_memory |       final_hash       |     array    |
+----------------------------+-----+-----+-----------+------------------------+--------------+

