

================================================================
== Report Version
================================================================
* Tool:          Vivado(TM) HLS - High-Level Synthesis from C, C++ and SystemC
* Version:       2012.4
* Build date:    Fri Dec 07 12:41:34 PM 2012
* Copyright (C): 2012 Xilinx Inc. All rights reserved.


================================================================
== General Information
================================================================
* Project:  hls_sha256
* Solution: 10ns_base
* Date:     Mon Jan 21 21:56:53 2013



================================================================
== User Assignments
================================================================
* Product Family:           zynq zynq_fpv6 
* Part:                     xc7z020clg484-1
* Top Model name:           sha256_final
* Target clock period (ns): 7.00
* Clock uncertainty (ns):   0.88


================================================================
== Performance Estimates
================================================================
+ Summary of timing analysis: 
    * Estimated clock period (ns): 5.13
+ Summary of overall latency (clock cycles): 
    * Best-case latency:    ?
    * Average-case latency: ?
    * Worst-case latency:   ?
+ Summary of loop latency (clock cycles): 
    + Loop 1: 
        * Trip count: 0 ~ 55
        * Latency:    0 ~ 55
    + Loop 2: 
        * Trip count: ?
        * Latency:    ?
    + Loop 3: 
        * Trip count: 56
        * Latency:    56
    + Loop 4: 
        * Trip count: 4
        * Latency:    36


================================================================
== Area Estimates
================================================================
* Summary: 
(Target device: xc7z020clg484-1)
+---+-----------------+---------+-------+--------+-------+-------+
| ID|             Name| BRAM_18K| DSP48E|      FF|    LUT|  SLICE|
+---+-----------------+---------+-------+--------+-------+-------+
|  0|        Component|        2|      -|    1203|   1985|      -|
|  1|       Expression|        -|      -|       0|    518|      -|
|  2|             FIFO|        -|      -|       -|      -|      -|
|  3|           Memory|        -|      -|       -|      -|      -|
|  4|      Multiplexer|        -|      -|       -|    136|      -|
|  5|         Register|        -|      -|     296|      -|      -|
|  6|      ShiftMemory|        -|      -|       -|      -|      -|
+---+-----------------+---------+-------+--------+-------+-------+
|  -|            Total|        2|      0|    1499|   2639|      0|
+---+-----------------+---------+-------+--------+-------+-------+
|  -|        Available|      280|    220|  106400|  53200|  13300|
+---+-----------------+---------+-------+--------+-------+-------+
|  -|  Utilization (%)|       ~0|      0|       1|      4|      0|
+---+-----------------+---------+-------+--------+-------+-------+

+ Details: 
    * Component: 
    +---+------------------------------------------------+---------+------+------+
    | ID|                                            Name| BRAM_18K|    FF|   LUT|
    +---+------------------------------------------------+---------+------+------+
    |  0|  grp_sha256_transform_fu_453 (sha256_transform)|        2|  1203|  1985|
    +---+------------------------------------------------+---------+------+------+
    |  -|                                           Total|        2|  1203|  1985|
    +---+------------------------------------------------+---------+------+------+

    * Expression: 
    +---+-------------------------------+----+----+---+---+----+
    | ID|                           Name|  P0|  P1| P2| FF| LUT|
    +---+-------------------------------+----+----+---+---+----+
    |  0|           ctx_bitlen_d0 ( + ) |  32|   1|  -|  0|  32|
    |  1|  exitcond1_fu_600_p2 ( icmp ) |  32|  32|  -|  0|  40|
    |  2|  exitcond2_fu_530_p2 ( icmp ) |   3|   3|  -|  0|   3|
    |  3|  exitcond3_fu_731_p2 ( icmp ) |   3|   4|  -|  0|   4|
    |  4|   exitcond_fu_546_p2 ( icmp ) |   6|   5|  -|  0|   6|
    |  5|        grp_fu_463_p2 ( lshr ) |  32|  32|  -|  0|  88|
    |  6|        grp_fu_468_p2 ( lshr ) |  32|  32|  -|  0|  88|
    |  7|         grp_fu_473_p2 ( xor ) |   3|   4|  -|  0|   7|
    |  8|           i_1_fu_520_p2 ( + ) |   7|   7|  -|  0|   7|
    |  9|           i_4_fu_552_p2 ( + ) |   6|   1|  -|  0|   6|
    | 10|           i_5_fu_737_p2 ( + ) |   3|   1|  -|  0|   3|
    | 11|             i_fu_590_p2 ( + ) |   7|   7|  -|  0|   7|
    | 12|  indvar_next1_fu_605_p2 ( + ) |  32|   1|  -|  0|  32|
    | 13|   indvar_next_fu_535_p2 ( + ) |   3|   1|  -|  0|   3|
    | 14|         not_fu_624_p2 ( xor ) |  32|   2|  -|  0|  44|
    | 15|         sum1_fu_781_p2 ( or ) |   4|   5|  -|  0|   7|
    | 16|         sum4_fu_816_p2 ( or ) |   5|   6|  -|  0|   8|
    | 17|         sum5_fu_836_p2 ( or ) |   5|   5|  -|  0|   7|
    | 18|           sum_fu_826_p2 ( + ) |   5|   5|  -|  0|   5|
    | 19|          tmp1_fu_510_p2 ( + ) |   6|   1|  -|  0|   6|
    | 20|       tmp22_fu_500_p2 ( xor ) |   3|   2|  -|  0|   5|
    | 21|         tmp27_fu_577_p2 ( - ) |   7|   7|  -|  0|   7|
    | 22|       tmp2_fu_561_p2 ( icmp ) |   6|   5|  -|  0|   6|
    | 23|     tmp3_fu_566_p3 ( Select ) |   1|   6|  5|  0|   6|
    | 24|        tmp_20_fu_748_p2 ( - ) |   5|   5|  -|  0|   5|
    | 25|      tmp_2_fu_630_p2 ( icmp ) |  32|  32|  -|  0|  40|
    | 26|         tmp_4_fu_642_p2 ( + ) |  32|  32|  -|  0|  32|
    | 27|           tmp_fu_494_p2 ( + ) |   7|   1|  -|  0|   7|
    | 28|      tmp_s_fu_484_p2 ( icmp ) |   7|   6|  -|  0|   7|
    +---+-------------------------------+----+----+---+---+----+
    |  -|                          Total| 358| 251|  5|  0| 518|
    +---+-------------------------------+----+----+---+---+----+

    * FIFO: 
    N/A

    * Memory: 
    N/A

    * Multiplexer: 
    +---+--------------------+-----+-----+------+----+
    | ID|                Name| Size| Bits| Count| LUT|
    +---+--------------------+-----+-----+------+----+
    |  0|           ap_NS_fsm|   24|    5|   120|  35|
    |  1|   ctx_data_address0|    9|    6|    54|  12|
    |  2|   ctx_data_address1|    5|    6|    30|   6|
    |  3|         ctx_data_d0|    6|    8|    48|   8|
    |  4|         ctx_data_d1|    4|    8|    32|   8|
    |  5|  ctx_state_address0|    5|    3|    15|   3|
    |  6|  ctx_state_address1|    5|    3|    15|   3|
    |  7|       grp_fu_463_p1|    2|    2|     4|   2|
    |  8|       grp_fu_468_p1|    2|    2|     4|   2|
    |  9|       hash_address0|    7|    5|    35|   5|
    | 10|             hash_d0|    7|    8|    56|   8|
    | 11|         i_2_reg_418|    2|    6|    12|   6|
    | 12|         i_3_reg_440|    2|    3|     6|   3|
    | 13|     indvar9_reg_429|    2|   32|    64|  32|
    | 14|      indvar_reg_407|    2|    3|     6|   3|
    +---+--------------------+-----+-----+------+----+
    |  -|               Total|   84|  100|   501| 136|
    +---+--------------------+-----+-----+------+----+

    * Register: 
    +---+---------------------------------------------------+-----+-------+----+
    | ID|                                               Name| Bits| Consts|  FF|
    +---+---------------------------------------------------+-----+-------+----+
    |  0|                                          ap_CS_fsm|    5|      0|   5|
    |  1|                          ctx_bitlen_addr_2_reg_940|    1|      1|   0|
    |  2|                            ctx_bitlen_addr_reg_901|    1|      1|   0|
    |  3|                          ctx_bitlen_load_1_reg_945|   32|      0|  32|
    |  4|                            ctx_bitlen_load_reg_926|   32|      0|  32|
    |  5|                     ctx_datalen_read_cast1_reg_874|    6|      0|   6|
    |  6|                          ctx_state_addr_10_reg_990|    3|      3|   0|
    |  7|                          ctx_state_addr_11_reg_995|    3|      3|   0|
    |  8|                         ctx_state_addr_12_reg_1000|    3|      3|   0|
    |  9|                         ctx_state_addr_13_reg_1005|    3|      3|   0|
    | 10|                         ctx_state_addr_14_reg_1010|    3|      3|   0|
    | 11|                           ctx_state_addr_8_reg_980|    3|      3|   0|
    | 12|                           ctx_state_addr_9_reg_985|    3|      3|   0|
    | 13|                             ctx_state_addr_reg_975|    3|      3|   0|
    | 14|                                  exitcond1_reg_917|    1|      0|   1|
    | 15|  grp_sha256_transform_fu_453_ap_start_ap_start_reg|    1|      0|   1|
    | 16|                                        i_2_reg_418|    6|      0|   6|
    | 17|                                 i_3_cast8_reg_1020|    5|      2|   3|
    | 18|                                 i_3_cast9_reg_1015|    4|      1|   3|
    | 19|                                  i_3_cast_reg_1028|   32|     29|   3|
    | 20|                                        i_3_reg_440|    3|      0|   3|
    | 21|                                       i_5_reg_1036|    3|      0|   3|
    | 22|                                    indvar9_reg_429|   32|      0|  32|
    | 23|                                     indvar_reg_407|    3|      0|   3|
    | 24|                                      sum6_reg_1077|    3|      0|   3|
    | 25|                                  tmp1_cast_reg_907|    7|      1|   6|
    | 26|                                       tmp1_reg_879|    6|      0|   6|
    | 27|                                      tmp22_reg_869|    3|      0|   3|
    | 28|                                      tmp28_reg_912|   32|      0|  32|
    | 29|                                 tmp_1_cast_reg_931|   32|     26|   6|
    | 30|                               tmp_20_cast_reg_1041|   32|     30|   2|
    | 31|                                    tmp_22_reg_1047|    8|      0|   8|
    | 32|                                    tmp_24_reg_1052|    8|      0|   8|
    | 33|                                    tmp_26_reg_1057|    8|      0|   8|
    | 34|                                    tmp_28_reg_1062|    8|      0|   8|
    | 35|                                      tmp_2_reg_936|    1|      0|   1|
    | 36|                                    tmp_30_reg_1067|    8|      0|   8|
    | 37|                                    tmp_32_reg_1072|    8|      0|   8|
    | 38|                                    tmp_34_reg_1082|    8|      0|   8|
    | 39|                                    tmp_36_reg_1087|    8|      0|   8|
    | 40|                                     tmp_73_reg_950|    8|      0|   8|
    | 41|                                     tmp_74_reg_955|    8|      0|   8|
    | 42|                                     tmp_76_reg_965|    8|      0|   8|
    | 43|                                     tmp_77_reg_970|    8|      0|   8|
    | 44|                                        tmp_reg_864|    7|      0|   7|
    | 45|                                      tmp_s_reg_860|    1|      0|   1|
    +---+---------------------------------------------------+-----+-------+----+
    |  -|                                              Total|  411|    115| 296|
    +---+---------------------------------------------------+-----+-------+----+

    * ShiftMemory: 
    N/A

* Hierarchical Multiplexer Count: 
+---+------------------------------------------------+-----+-----+------+
| ID|                                            Name| Size| Bits| Count|
+---+------------------------------------------------+-----+-----+------+
|  0|                                    (This level)|   84|  100|   501|
|  1|  grp_sha256_transform_fu_453 (sha256_transform)|   80|  397|  1070|
+---+------------------------------------------------+-----+-----+------+
|  -|                                           Total|  164|  497|  1571|
+---+------------------------------------------------+-----+-----+------+



================================================================
== Power Estimate
================================================================
* Summary: 
+---+-------------+------+
| ID|         Name| Power|
+---+-------------+------+
|  0|    Component|   453|
|  1|   Expression|    73|
|  2|         FIFO|     -|
|  3|       Memory|     -|
|  4|  Multiplexer|    19|
|  5|     Register|    42|
|  6|  ShiftMemory|     -|
+---+-------------+------+
|  -|        Total|   587|
+---+-------------+------+

* Hierarchical Register Count: 
+---+------------------------------------------------+------+
| ID|                                            Name| Count|
+---+------------------------------------------------+------+
|  0|                                    (This level)|   296|
|  1|  grp_sha256_transform_fu_453 (sha256_transform)|  1203|
+---+------------------------------------------------+------+
|  -|                                           Total|  1499|
+---+------------------------------------------------+------+



================================================================
== Interface Summary
================================================================
* Interfaces: 
+---+---------------------+------------------+--------------+------+------------+----------+-----+-----+
| ID|            RTL Ports|            Object|          Type| Scope| IO Protocol| IO Config|  Dir| Bits|
+---+---------------------+------------------+--------------+------+------------+----------+-----+-----+
|  0|               ap_clk|      sha256_final|  return value|     -|           -|         -|   in|    1|
|  1|               ap_rst|                 -|             -|     -|           -|         -|   in|    1|
|  2|             ap_start|                 -|             -|     -|           -|         -|   in|    1|
|  3|              ap_done|                 -|             -|     -|           -|         -|  out|    1|
|  4|              ap_idle|                 -|             -|     -|           -|         -|  out|    1|
|  5|             ap_ready|                 -|             -|     -|           -|         -|  out|    1|
|  6|    ctx_data_address0|          ctx_data|         array|     -|   ap_memory|         -|  out|    6|
|  7|         ctx_data_ce0|                 -|             -|     -|           -|         -|  out|    1|
|  8|         ctx_data_we0|                 -|             -|     -|           -|         -|  out|    1|
|  9|          ctx_data_d0|                 -|             -|     -|           -|         -|  out|    8|
| 10|          ctx_data_q0|                 -|             -|     -|           -|         -|   in|    8|
| 11|    ctx_data_address1|                 -|             -|     -|           -|         -|  out|    6|
| 12|         ctx_data_ce1|                 -|             -|     -|           -|         -|  out|    1|
| 13|         ctx_data_we1|                 -|             -|     -|           -|         -|  out|    1|
| 14|          ctx_data_d1|                 -|             -|     -|           -|         -|  out|    8|
| 15|          ctx_data_q1|                 -|             -|     -|           -|         -|   in|    8|
| 16|     ctx_datalen_read|  ctx_datalen_read|        scalar|     -|     ap_none|         -|   in|    7|
| 17|  ctx_bitlen_address0|        ctx_bitlen|         array|     -|   ap_memory|         -|  out|    1|
| 18|       ctx_bitlen_ce0|                 -|             -|     -|           -|         -|  out|    1|
| 19|       ctx_bitlen_we0|                 -|             -|     -|           -|         -|  out|    1|
| 20|        ctx_bitlen_d0|                 -|             -|     -|           -|         -|  out|   32|
| 21|        ctx_bitlen_q0|                 -|             -|     -|           -|         -|   in|   32|
| 22|  ctx_bitlen_address1|                 -|             -|     -|           -|         -|  out|    1|
| 23|       ctx_bitlen_ce1|                 -|             -|     -|           -|         -|  out|    1|
| 24|       ctx_bitlen_we1|                 -|             -|     -|           -|         -|  out|    1|
| 25|        ctx_bitlen_d1|                 -|             -|     -|           -|         -|  out|   32|
| 26|   ctx_state_address0|         ctx_state|         array|     -|   ap_memory|         -|  out|    3|
| 27|        ctx_state_ce0|                 -|             -|     -|           -|         -|  out|    1|
| 28|        ctx_state_we0|                 -|             -|     -|           -|         -|  out|    1|
| 29|         ctx_state_d0|                 -|             -|     -|           -|         -|  out|   32|
| 30|         ctx_state_q0|                 -|             -|     -|           -|         -|   in|   32|
| 31|   ctx_state_address1|                 -|             -|     -|           -|         -|  out|    3|
| 32|        ctx_state_ce1|                 -|             -|     -|           -|         -|  out|    1|
| 33|        ctx_state_we1|                 -|             -|     -|           -|         -|  out|    1|
| 34|         ctx_state_d1|                 -|             -|     -|           -|         -|  out|   32|
| 35|         ctx_state_q1|                 -|             -|     -|           -|         -|   in|   32|
| 36|        hash_address0|              hash|         array|     -|   ap_memory|         -|  out|    6|
| 37|             hash_ce0|                 -|             -|     -|           -|         -|  out|    1|
| 38|             hash_we0|                 -|             -|     -|           -|         -|  out|    1|
| 39|              hash_d0|                 -|             -|     -|           -|         -|  out|    8|
| 40|        hash_address1|                 -|             -|     -|           -|         -|  out|    6|
| 41|             hash_ce1|                 -|             -|     -|           -|         -|  out|    1|
| 42|             hash_we1|                 -|             -|     -|           -|         -|  out|    1|
| 43|              hash_d1|                 -|             -|     -|           -|         -|  out|    8|
+---+---------------------+------------------+--------------+------+------------+----------+-----+-----+

